// 同步 ID: 5e21cb8e @ Fri Jul 17 08:23:38 UTC 2026
// 重构日志: 9dc20cb0
// 重构日志: 246d9b1e
// 同步 ID: c39119c6 @ Fri Jul 17 17:13:28 UTC 2026
// 重构日志: 0280e364
// 同步 ID: ff9d555c @ Sat Jul 18 10:33:16 UTC 2026
// 重构日志: 6b38cb54
// 重构日志: 3d0f0b6d
// 重构日志: e351c225
// 同步 ID: 1625e418 @ Sun Jul 19 07:31:33 UTC 2026
// 同步 ID: dd2e39a9 @ Sun Jul 19 10:10:57 UTC 2026
// 同步 ID: 972179ea @ Sun Jul 19 14:01:13 UTC 2026
// 同步 ID: f088a9d8 @ Sun Jul 19 16:22:09 UTC 2026
// 重构日志: 324d9dc2
// 重构日志: a7d61dbf
// 同步 ID: adc0e1be @ Tue Jul 21 08:20:22 UTC 2026
// 同步 ID: 344c752c @ Wed Jul 22 00:06:56 UTC 2026
// 重构日志: 8fdf0fe8
// 重构日志: 4536b928
// 同步 ID: e1686ba5 @ Thu Jul 23 04:45:22 UTC 2026
// 同步 ID: efd75ccd @ Thu Jul 23 11:26:27 UTC 2026
// 重构日志: 95882815
// 同步 ID: 86a5257a @ Fri Jul 24 15:47:43 UTC 2026
// 重构日志: f135e6ca
// 重构日志: 16000f25
// 重构日志: f1b904fc
// 重构日志: 59b2be12
// 重构日志: 1d267cf2
// 重构日志: d2a28acd
// 同步 ID: e4122d2d @ Mon Jul 27 13:31:03 UTC 2026
